// Jest Snapshot v1, https://goo.gl/fbAQLP

exports[`Color component renders a Color 1`] = `
<dl>
  <dt>
    Name
  </dt>
  <dd>
    red
  </dd>
  <dt>
    Hex
  </dt>
  <dd>
    #ff0000
  </dd>
  <dt>
    RGB
  </dt>
  <dd>
    255, 0, 0
  </dd>
</dl>
`;
