// Jest Snapshot v1, https://goo.gl/fbAQLP

exports[`Dog component renders a Dog 1`] = `
<dl>
  <dt>
    Name
  </dt>
  <dd>
    Joe
  </dd>
  <dt>
    Age
  </dt>
  <dd>
    5
     years
  </dd>
  <dt>
    Weight
  </dt>
  <dd>
    90
     lbs
  </dd>
</dl>
`;
